<?xml version="1.0" encoding="UTF-8"?>
<TestRun id="b4adbe1e-c03f-4271-a537-53019c70bc51" name="jeckstein@JECKSTEINLPT2 2012-04-06 05:44:47" runUser="CARBO\jeckstein" xmlns="http://microsoft.com/schemas/VisualStudio/TeamTest/2010">
  <TestSettings name="Default Test Settings" id="1abc71d8-c2ff-4b64-94ff-009f58c158e6">
    <Deployment runDeploymentRoot="jeckstein_JECKSTEINLPT2 2012-04-06 05_44_47">
      <DeploymentItem filename="C:\Source\ShouldITakeMyDogToFortFunstonNow\src\DecisionTree\bin\Debug\DecisionTree.dll" />
    </Deployment>
    <Execution>
      <TestTypeSpecific />
      <AgentRule name="Execution Agents">
      </AgentRule>
    </Execution>
  </TestSettings>
  <Times creation="2012-04-06T05:44:47.0435842-07:00" queuing="2012-04-06T05:44:51.6868498-07:00" start="2012-04-06T05:44:51.8328581-07:00" finish="2012-04-06T05:44:52.8499163-07:00" />
  <ResultSummary outcome="Completed">
    <Counters total="4" executed="4" passed="4" error="0" failed="0" timeout="0" aborted="0" inconclusive="0" passedButRunAborted="0" notRunnable="0" notExecuted="0" disconnected="0" warning="0" completed="0" inProgress="0" pending="0" />
  </ResultSummary>
  <TestDefinitions>
    <UnitTest name="MultipleNodesWithDiscreteValuesShouldBeAdded" storage="c:\source\shoulditakemydogtofortfunstonnow\src\tests\decisiontreetests\bin\debug\decisiontreetests.dll" id="2425980c-9f7e-b230-39d4-d7048689a557">
      <Execution id="88cd455f-4709-4a4e-9dee-a40e568493d2" />
      <TestMethod codeBase="C:/Source/ShouldITakeMyDogToFortFunstonNow/src/Tests/DecisionTreeTests/bin/Debug/DecisionTreeTests.DLL" adapterTypeName="Microsoft.VisualStudio.TestTools.TestTypes.Unit.UnitTestAdapter, Microsoft.VisualStudio.QualityTools.Tips.UnitTest.Adapter, Version=10.0.0.0, Culture=neutral, PublicKeyToken=b03f5f7f11d50a3a" className="DecisionTreeTests.TreeTests, DecisionTreeTests, Version=1.0.0.0, Culture=neutral, PublicKeyToken=null" name="MultipleNodesWithDiscreteValuesShouldBeAdded" />
    </UnitTest>
    <UnitTest name="NewNodeShouldBeAdded" storage="c:\source\shoulditakemydogtofortfunstonnow\src\tests\decisiontreetests\bin\debug\decisiontreetests.dll" id="87db4b0b-4286-657e-f3ac-ae7694470663">
      <Execution id="7cb6fb07-6548-4ad6-8de1-a5bda6ecb8c0" />
      <TestMethod codeBase="C:/Source/ShouldITakeMyDogToFortFunstonNow/src/Tests/DecisionTreeTests/bin/Debug/DecisionTreeTests.DLL" adapterTypeName="Microsoft.VisualStudio.TestTools.TestTypes.Unit.UnitTestAdapter, Microsoft.VisualStudio.QualityTools.Tips.UnitTest.Adapter, Version=10.0.0.0, Culture=neutral, PublicKeyToken=b03f5f7f11d50a3a" className="DecisionTreeTests.TreeTests, DecisionTreeTests, Version=1.0.0.0, Culture=neutral, PublicKeyToken=null" name="NewNodeShouldBeAdded" />
    </UnitTest>
    <UnitTest name="ComputeShouldGiveCorrectAnswer" storage="c:\source\shoulditakemydogtofortfunstonnow\src\tests\decisiontreetests\bin\debug\decisiontreetests.dll" id="440984ff-fb86-eb66-34c3-19fb2b5fc703">
      <Execution id="12fdc66a-c0ff-4d29-bac0-c7acfc885902" />
      <TestMethod codeBase="C:/Source/ShouldITakeMyDogToFortFunstonNow/src/Tests/DecisionTreeTests/bin/Debug/DecisionTreeTests.DLL" adapterTypeName="Microsoft.VisualStudio.TestTools.TestTypes.Unit.UnitTestAdapter, Microsoft.VisualStudio.QualityTools.Tips.UnitTest.Adapter, Version=10.0.0.0, Culture=neutral, PublicKeyToken=b03f5f7f11d50a3a" className="DecisionTreeTests.TreeTests, DecisionTreeTests, Version=1.0.0.0, Culture=neutral, PublicKeyToken=null" name="ComputeShouldGiveCorrectAnswer" />
    </UnitTest>
    <UnitTest name="NodesWithSameValueShouldBranchOffParent" storage="c:\source\shoulditakemydogtofortfunstonnow\src\tests\decisiontreetests\bin\debug\decisiontreetests.dll" id="24fd83be-0aaf-86aa-aa78-0073e0c11ea3">
      <Execution id="ac005b3e-c8dd-4335-aed2-fa4a79859bf7" />
      <TestMethod codeBase="C:/Source/ShouldITakeMyDogToFortFunstonNow/src/Tests/DecisionTreeTests/bin/Debug/DecisionTreeTests.DLL" adapterTypeName="Microsoft.VisualStudio.TestTools.TestTypes.Unit.UnitTestAdapter, Microsoft.VisualStudio.QualityTools.Tips.UnitTest.Adapter, Version=10.0.0.0, Culture=neutral, PublicKeyToken=b03f5f7f11d50a3a" className="DecisionTreeTests.TreeTests, DecisionTreeTests, Version=1.0.0.0, Culture=neutral, PublicKeyToken=null" name="NodesWithSameValueShouldBranchOffParent" />
    </UnitTest>
  </TestDefinitions>
  <TestLists>
    <TestList name="Results Not in a List" id="8c84fa94-04c1-424b-9868-57a2d4851a1d" />
    <TestList name="All Loaded Results" id="19431567-8539-422a-85d7-44ee4e166bda" />
  </TestLists>
  <TestEntries>
    <TestEntry testId="2425980c-9f7e-b230-39d4-d7048689a557" executionId="88cd455f-4709-4a4e-9dee-a40e568493d2" testListId="8c84fa94-04c1-424b-9868-57a2d4851a1d" />
    <TestEntry testId="24fd83be-0aaf-86aa-aa78-0073e0c11ea3" executionId="ac005b3e-c8dd-4335-aed2-fa4a79859bf7" testListId="8c84fa94-04c1-424b-9868-57a2d4851a1d" />
    <TestEntry testId="440984ff-fb86-eb66-34c3-19fb2b5fc703" executionId="12fdc66a-c0ff-4d29-bac0-c7acfc885902" testListId="8c84fa94-04c1-424b-9868-57a2d4851a1d" />
    <TestEntry testId="87db4b0b-4286-657e-f3ac-ae7694470663" executionId="7cb6fb07-6548-4ad6-8de1-a5bda6ecb8c0" testListId="8c84fa94-04c1-424b-9868-57a2d4851a1d" />
  </TestEntries>
  <Results>
    <UnitTestResult executionId="88cd455f-4709-4a4e-9dee-a40e568493d2" testId="2425980c-9f7e-b230-39d4-d7048689a557" testName="MultipleNodesWithDiscreteValuesShouldBeAdded" computerName="JECKSTEINLPT2" duration="00:00:00.0292590" startTime="2012-04-06T05:44:51.9608654-07:00" endTime="2012-04-06T05:44:52.6889071-07:00" testType="13cdc9d9-ddb5-4fa4-a97d-d965ccfc6d4b" outcome="Passed" testListId="8c84fa94-04c1-424b-9868-57a2d4851a1d" relativeResultsDirectory="88cd455f-4709-4a4e-9dee-a40e568493d2">
    </UnitTestResult>
    <UnitTestResult executionId="ac005b3e-c8dd-4335-aed2-fa4a79859bf7" testId="24fd83be-0aaf-86aa-aa78-0073e0c11ea3" testName="NodesWithSameValueShouldBranchOffParent" computerName="JECKSTEINLPT2" duration="00:00:00.0020899" startTime="2012-04-06T05:44:52.7209089-07:00" endTime="2012-04-06T05:44:52.7259092-07:00" testType="13cdc9d9-ddb5-4fa4-a97d-d965ccfc6d4b" outcome="Passed" testListId="8c84fa94-04c1-424b-9868-57a2d4851a1d" relativeResultsDirectory="ac005b3e-c8dd-4335-aed2-fa4a79859bf7">
    </UnitTestResult>
    <UnitTestResult executionId="12fdc66a-c0ff-4d29-bac0-c7acfc885902" testId="440984ff-fb86-eb66-34c3-19fb2b5fc703" testName="ComputeShouldGiveCorrectAnswer" computerName="JECKSTEINLPT2" duration="00:00:00.0352908" startTime="2012-04-06T05:44:52.7539108-07:00" endTime="2012-04-06T05:44:52.7929130-07:00" testType="13cdc9d9-ddb5-4fa4-a97d-d965ccfc6d4b" outcome="Passed" testListId="8c84fa94-04c1-424b-9868-57a2d4851a1d" relativeResultsDirectory="12fdc66a-c0ff-4d29-bac0-c7acfc885902">
    </UnitTestResult>
    <UnitTestResult executionId="7cb6fb07-6548-4ad6-8de1-a5bda6ecb8c0" testId="87db4b0b-4286-657e-f3ac-ae7694470663" testName="NewNodeShouldBeAdded" computerName="JECKSTEINLPT2" duration="00:00:00.0004539" startTime="2012-04-06T05:44:52.8139142-07:00" endTime="2012-04-06T05:44:52.8169144-07:00" testType="13cdc9d9-ddb5-4fa4-a97d-d965ccfc6d4b" outcome="Passed" testListId="8c84fa94-04c1-424b-9868-57a2d4851a1d" relativeResultsDirectory="7cb6fb07-6548-4ad6-8de1-a5bda6ecb8c0">
    </UnitTestResult>
  </Results>
</TestRun>