<?xml version="1.0" encoding="UTF-8"?>
<TestRun id="53e7bf35-a1a3-4276-815c-aad787e911cc" name="jeckstein@JECKSTEINLPT2 2012-04-06 05:45:07" runUser="CARBO\jeckstein" xmlns="http://microsoft.com/schemas/VisualStudio/TeamTest/2010">
  <TestSettings name="Default Test Settings" id="b083e0ad-5b27-4326-8aa5-6e63a2b00159">
    <Deployment runDeploymentRoot="jeckstein_JECKSTEINLPT2 2012-04-06 05_45_07">
      <DeploymentItem filename="C:\Source\ShouldITakeMyDogToFortFunstonNow\src\DecisionTree\bin\Debug\DecisionTree.dll" />
    </Deployment>
    <Execution>
      <TestTypeSpecific />
      <AgentRule name="Execution Agents">
      </AgentRule>
    </Execution>
  </TestSettings>
  <Times creation="2012-04-06T05:45:07.7347677-07:00" queuing="2012-04-06T05:45:08.0837876-07:00" start="2012-04-06T05:45:08.0897880-07:00" finish="2012-04-06T05:45:08.4408080-07:00" />
  <ResultSummary outcome="Completed">
    <Counters total="1" executed="1" passed="1" error="0" failed="0" timeout="0" aborted="0" inconclusive="0" passedButRunAborted="0" notRunnable="0" notExecuted="0" disconnected="0" warning="0" completed="0" inProgress="0" pending="0" />
  </ResultSummary>
  <TestDefinitions>
    <UnitTest name="NewNodeShouldBeAdded" storage="c:\source\shoulditakemydogtofortfunstonnow\src\tests\decisiontreetests\bin\debug\decisiontreetests.dll" id="87db4b0b-4286-657e-f3ac-ae7694470663">
      <Execution id="63bf4ec0-715f-4cab-ad80-70a73b457017" />
      <TestMethod codeBase="C:/Source/ShouldITakeMyDogToFortFunstonNow/src/Tests/DecisionTreeTests/bin/Debug/DecisionTreeTests.DLL" adapterTypeName="Microsoft.VisualStudio.TestTools.TestTypes.Unit.UnitTestAdapter, Microsoft.VisualStudio.QualityTools.Tips.UnitTest.Adapter, Version=10.0.0.0, Culture=neutral, PublicKeyToken=b03f5f7f11d50a3a" className="DecisionTreeTests.TreeTests, DecisionTreeTests, Version=1.0.0.0, Culture=neutral, PublicKeyToken=null" name="NewNodeShouldBeAdded" />
    </UnitTest>
  </TestDefinitions>
  <TestLists>
    <TestList name="Results Not in a List" id="8c84fa94-04c1-424b-9868-57a2d4851a1d" />
    <TestList name="All Loaded Results" id="19431567-8539-422a-85d7-44ee4e166bda" />
  </TestLists>
  <TestEntries>
    <TestEntry testId="87db4b0b-4286-657e-f3ac-ae7694470663" executionId="63bf4ec0-715f-4cab-ad80-70a73b457017" testListId="8c84fa94-04c1-424b-9868-57a2d4851a1d" />
  </TestEntries>
  <Results>
    <UnitTestResult executionId="63bf4ec0-715f-4cab-ad80-70a73b457017" testId="87db4b0b-4286-657e-f3ac-ae7694470663" testName="NewNodeShouldBeAdded" computerName="JECKSTEINLPT2" duration="00:00:00.0195002" startTime="2012-04-06T05:45:08.1197897-07:00" endTime="2012-04-06T05:45:08.4238071-07:00" testType="13cdc9d9-ddb5-4fa4-a97d-d965ccfc6d4b" outcome="Passed" testListId="8c84fa94-04c1-424b-9868-57a2d4851a1d" relativeResultsDirectory="63bf4ec0-715f-4cab-ad80-70a73b457017">
    </UnitTestResult>
  </Results>
</TestRun>